node.exe : [0m[7m[1m[31m 
FAIL [39m[22m[27m[0m [2msrc/
__tests__/integration/[22m[1map
i-routes.test.ts[22m
At line:1 char:1
+ & "C:\Program 
Files\nodejs/node.exe" 
"C:\Users\IAS\AppData\Roaming\np 
...
+ ~~~~~~~~~~~~~~~~~~~~~~~~~~~~~~~
~~~~~~~~~~~~~~~~~~~~~~~~~~~~~~~~~
~~~~~
    + CategoryInfo          : No 
   tSpecified: ([0m[7m[1m[3  
  ...es.test.ts[22m:String) [   
 ], RemoteException
    + FullyQualifiedErrorId : Na 
   tiveCommandError
 
  Integration: Cross-Service 
Data Flow
    [31m├ù[39m [2mshould 
maintain data consistency: 
auction ΓåÆ task ΓåÆ wallet (19 
ms)[22m
    [32mΓêÜ[39m [2mshould 
handle concurrent auctions 
independently (7 ms)[22m

[1m[31m  [1mΓùÅ 
[22m[1mIntegration: 
Cross-Service Data Flow ΓÇ║ 
should maintain data 
consistency: auction ΓåÆ task 
ΓåÆ wallet[39m[22m

    TypeError: db_1.WalletTransac
tionOperations.create is not a 
function
[2m[22m
[2m    [0m [90m 86 |[39m[22m
[2m     [90m 87 |[39m   
[90m// Save 
transaction[39m[22m
[2m    
[31m[1m>[22m[2m[39m[90m 88 
|[39m   [36mawait[39m [33mWal
letTransactionOperations[39m[33
m.[39mcreate(transaction)[33m;
[39m[22m
[2m     [90m    |[39m         
                            
[31m[1m^[22m[2m[39m[22m
[2m     [90m 89 |[39m[22m
[2m     [90m 90 |[39m   
[90m// Update shopkeeper's 
wallet balance[39m[22m
[2m     [90m 91 |[39m   
[36mconst[39m shopkeeper 
[33m=[39m [36mawait[39m [33m
ShopkeeperOperations[39m[33m.[
39m[36mget[39m(shopkeeperId)[3
3m;[39m[0m[22m
[2m[22m
[2m      [2mat [22m[2msrc/lib
/wallet/wallet-service.ts[2m:88:
37[22m[2m[22m
[2m      [2mat [22m[2msrc/lib
/wallet/wallet-service.ts[2m:16:
71[22m[2m[22m
[2m      [2mat __awaiter ([22m
[2msrc/lib/wallet/wallet-service
.ts[2m:12:12)[22m[2m[22m
[2m      [2mat creditEarnings (
[22m[2msrc/lib/wallet/wallet-se
rvice.ts[2m:67:12)[22m[2m[22m
[2m      [2mat [22m[2m[0m[3
6msrc/__tests__/integration/api-r
outes.test.ts[39m[0m[2m:118:25
[22m[2m[22m
[2m      [2mat fulfilled ([22m
[2m[0m[36msrc/__tests__/integr
ation/api-routes.test.ts[39m[0m
[2m:10:58)[22m[2m[22m

[0m[7m[1m[31m FAIL 
[39m[22m[27m[0m [2msrc/__tes
ts__/integration/[22m[1mdaily-w
orkflow.test.ts[22m
  Integration: Complete Daily 
Workflow
    Auction Initialization Flow
      [32mΓêÜ[39m [2mshould 
create auctions for each empty 
space (16 ms)[22m
      [32mΓêÜ[39m [2mshould 
return empty array for no empty 
spaces (1 ms)[22m
    Bid & Winner Selection
      [32mΓêÜ[39m [2mshould 
accept bids and select highest 
as winner (3 ms)[22m
      [32mΓêÜ[39m [2mshould 
cancel auction with no bids (75 
ms)[22m
    Task Assignment from Auction
      [32mΓêÜ[39m [2mshould 
create task from completed 
auction (2 ms)[22m
      [32mΓêÜ[39m [2mshould 
reject task for non-completed 
auction (14 ms)[22m
    Task Lifecycle
      [32mΓêÜ[39m [2mshould 
support full lifecycle: assign 
ΓåÆ start ΓåÆ complete (1 
ms)[22m
    Wallet Earnings
      [31m├ù[39m [2mshould 
credit earnings and return 
balance[22m
      [32mΓêÜ[39m [2mshould 
reject payout below threshold (7 
ms)[22m

[1m[31m  [1mΓùÅ 
[22m[1mIntegration: Complete 
Daily Workflow ΓÇ║ Wallet 
Earnings ΓÇ║ should credit 
earnings and return 
balance[39m[22m

    TypeError: db_1.WalletTransac
tionOperations.create is not a 
function
[2m[22m
[2m    [0m [90m 86 |[39m[22m
[2m     [90m 87 |[39m   
[90m// Save 
transaction[39m[22m
[2m    
[31m[1m>[22m[2m[39m[90m 88 
|[39m   [36mawait[39m [33mWal
letTransactionOperations[39m[33
m.[39mcreate(transaction)[33m;
[39m[22m
[2m     [90m    |[39m         
                            
[31m[1m^[22m[2m[39m[22m
[2m     [90m 89 |[39m[22m
[2m     [90m 90 |[39m   
[90m// Update shopkeeper's 
wallet balance[39m[22m
[2m     [90m 91 |[39m   
[36mconst[39m shopkeeper 
[33m=[39m [36mawait[39m [33m
ShopkeeperOperations[39m[33m.[
39m[36mget[39m(shopkeeperId)[3
3m;[39m[0m[22m
[2m[22m
[2m      [2mat [22m[2msrc/lib
/wallet/wallet-service.ts[2m:88:
37[22m[2m[22m
[2m      [2mat [22m[2msrc/lib
/wallet/wallet-service.ts[2m:16:
71[22m[2m[22m
[2m      [2mat __awaiter ([22m
[2msrc/lib/wallet/wallet-service
.ts[2m:12:12)[22m[2m[22m
[2m      [2mat creditEarnings (
[22m[2msrc/lib/wallet/wallet-se
rvice.ts[2m:67:12)[22m[2m[22m
[2m      [2mat [22m[2m[0m[3
6msrc/__tests__/integration/daily
-workflow.test.ts[39m[0m[2m:20
8:38[22m[2m[22m
[2m      [2mat [22m[2m[0m[3
6msrc/__tests__/integration/daily
-workflow.test.ts[39m[0m[2m:14
:71[22m[2m[22m
[2m      [2mat __awaiter ([22m
[2m[0m[36msrc/__tests__/integr
ation/daily-workflow.test.ts[39m
[0m[2m:10:12)[22m[2m[22m
[2m      [2mat 
Object.<anonymous> ([22m[2m[0m
[36msrc/__tests__/integration/da
ily-workflow.test.ts[39m[0m[2m
:204:64)[22m[2m[22m

[1mTest Suites: [22m[1m[31m2 
failed[39m[22m, 2 total
[1mTests:       [22m[1m[31m2 
failed[39m[22m, [1m[32m9 
passed[39m[22m, 11 total
[1mSnapshots:   [22m0 total
[1mTime:[22m        5.846 s
[2mRan all test suites[22m[2m 
matching 
[22mintegration[2m.[22m
